// Vitest Snapshot v1

exports[`group 1`] = `{}`;
